{"level":"info","message":"Server running on port 5001"}
{"level":"info","message":"Server running on port 5001"}
{"level":"info","message":"GET /api/settings/public"}
{"level":"info","message":"GET /"}
{"level":"info","message":"GET /api/settings/public"}
{"level":"info","message":"GET /uploads/file-1770625408206-145851459.png"}
{"level":"info","message":"GET /api/settings/public"}
{"level":"info","message":"GET /api/settings/public"}
{"level":"info","message":"GET /uploads/file-1770625408206-145851459.png"}
{"level":"info","message":"POST /api/auth/login"}
{"level":"info","message":"GET /uploads/file-1770625408206-145851459.png"}
{"level":"info","message":"GET /api/notifications/unread-count"}
{"level":"info","message":"GET /api/stats"}
{"level":"info","message":"GET /api/notifications"}
{"level":"info","message":"GET /api/notifications/unread-count"}
{"level":"info","message":"GET /api/notifications"}
{"level":"info","message":"GET /api/stats"}
{"level":"info","message":"GET /api/attendance/my-history"}
{"level":"info","message":"GET /api/attendance/my-history"}
{"level":"info","message":"GET /api/notifications"}
{"level":"info","message":"GET /api/leaves/balances"}
{"level":"info","message":"GET /api/leaves/my-requests"}
{"level":"info","message":"GET /api/leaves/types"}
{"level":"info","message":"GET /api/leaves/types"}
{"level":"info","message":"GET /api/leaves/balances"}
{"level":"info","message":"GET /api/leaves/my-requests"}
{"level":"info","message":"GET /api/payroll/stats?month=2&year=2026"}
{"level":"info","message":"GET /api/payroll/list?month=2&year=2026"}
{"level":"info","message":"GET /api/payroll/stats?month=2&year=2026"}
{"level":"info","message":"GET /api/payroll/list?month=2&year=2026"}
{"level":"info","message":"GET /uploads/file-1770625408206-145851459.png"}
{"level":"info","message":"GET /api/notifications/unread-count"}
{"level":"info","message":"GET /api/payroll/stats?month=2&year=2026"}
{"level":"info","message":"GET /api/payroll/list?month=2&year=2026"}
{"level":"info","message":"GET /api/notifications/unread-count"}
{"level":"info","message":"GET /api/payroll/list?month=2&year=2026"}
{"level":"info","message":"GET /api/payroll/stats?month=2&year=2026"}
{"level":"info","message":"GET /uploads/file-1770625408206-145851459.png"}
{"level":"info","message":"GET /api/notifications/unread-count"}
{"level":"info","message":"GET /api/payroll/stats?month=2&year=2026"}
{"level":"info","message":"GET /api/payroll/list?month=2&year=2026"}
{"level":"info","message":"GET /api/notifications/unread-count"}
{"level":"info","message":"GET /api/payroll/list?month=2&year=2026"}
{"level":"info","message":"GET /api/payroll/stats?month=2&year=2026"}
{"level":"info","message":"Server running on port 5001"}
{"level":"info","message":"GET /uploads/file-1770625408206-145851459.png"}
{"level":"info","message":"GET /api/stats"}
{"level":"info","message":"GET /api/notifications/unread-count"}
{"level":"info","message":"GET /api/notifications"}
{"level":"info","message":"GET /api/notifications/unread-count"}
{"level":"info","message":"GET /api/notifications"}
{"level":"info","message":"GET /api/stats"}
{"level":"info","message":"GET /api/attendance/my-history"}
{"level":"info","message":"GET /api/attendance/my-history"}
{"level":"info","message":"POST /api/attendance/punch-in"}
{"level":"info","message":"GET /api/attendance/my-history"}
{"level":"info","message":"GET /api/attendance/my-history"}
{"level":"info","message":"GET /api/attendance/my-history"}
{"level":"info","message":"GET /api/payroll/stats?month=2&year=2026"}
{"level":"info","message":"GET /api/payroll/list?month=2&year=2026"}
{"level":"info","message":"GET /api/payroll/stats?month=2&year=2026"}
{"level":"info","message":"GET /api/payroll/list?month=2&year=2026"}
{"level":"info","message":"GET /uploads/file-1770625408206-145851459.png"}
{"level":"info","message":"GET /api/notifications/unread-count"}
{"level":"info","message":"GET /api/payroll/list?month=2&year=2026"}
{"level":"info","message":"GET /api/payroll/stats?month=2&year=2026"}
{"level":"info","message":"GET /api/payroll/list?month=2&year=2026"}
{"level":"info","message":"GET /api/notifications/unread-count"}
{"level":"info","message":"GET /api/payroll/stats?month=2&year=2026"}
{"level":"info","message":"GET /uploads/file-1770625408206-145851459.png"}
{"level":"info","message":"GET /api/notifications/unread-count"}
{"level":"info","message":"GET /api/payroll/stats?month=2&year=2026"}
{"level":"info","message":"GET /api/payroll/list?month=2&year=2026"}
{"level":"info","message":"GET /api/notifications/unread-count"}
{"level":"info","message":"GET /api/payroll/list?month=2&year=2026"}
{"level":"info","message":"GET /api/payroll/stats?month=2&year=2026"}
{"level":"info","message":"GET /api/settings/public"}
{"level":"info","message":"GET /api/settings/public"}
{"level":"info","message":"GET /uploads/file-1770625408206-145851459.png"}
{"level":"info","message":"POST /api/auth/login"}
{"level":"info","message":"GET /uploads/file-1770625408206-145851459.png"}
{"level":"info","message":"GET /api/stats"}
{"level":"info","message":"GET /api/notifications/unread-count"}
{"level":"info","message":"GET /api/notifications"}
{"level":"info","message":"GET /uploads/file-1770625408206-145851459.png"}
{"level":"info","message":"GET /api/notifications/unread-count"}
{"level":"info","message":"GET /api/notifications"}
{"level":"info","message":"GET /api/stats"}
{"level":"info","message":"GET /api/attendance/my-history"}
{"level":"info","message":"GET /api/attendance/my-history"}
{"level":"info","message":"GET /api/users"}
{"level":"info","message":"GET /api/users"}
{"level":"info","message":"GET /api/leaves/my-requests"}
{"level":"info","message":"GET /api/leaves/types"}
{"level":"info","message":"GET /api/leaves/balances"}
{"level":"info","message":"GET /api/leaves/types"}
{"level":"info","message":"GET /api/leaves/my-requests"}
{"level":"info","message":"GET /api/leaves/balances"}
{"level":"info","message":"GET /api/notifications/unread-count"}
{"level":"info","message":"GET /api/notifications/unread-count"}
{"level":"info","message":"GET /api/notifications/unread-count"}
{"level":"info","message":"GET /api/notifications/unread-count"}
{"level":"info","message":"GET /api/notifications/unread-count"}
{"level":"info","message":"GET /api/notifications/unread-count"}
{"level":"info","message":"GET /api/settings/public"}
{"level":"info","message":"GET /api/settings/public"}
{"level":"info","message":"GET /uploads/file-1770625408206-145851459.png"}
{"level":"info","message":"POST /api/auth/login"}
{"level":"info","message":"GET /api/notifications/unread-count"}
{"level":"info","message":"GET /api/stats"}
{"level":"info","message":"GET /api/notifications"}
{"level":"info","message":"GET /api/notifications/unread-count"}
{"level":"info","message":"GET /api/notifications"}
{"level":"info","message":"GET /api/stats"}
{"level":"info","message":"GET /api/attendance/my-history"}
{"level":"info","message":"GET /api/attendance/my-history"}
{"level":"info","message":"GET /api/notifications/unread-count"}
{"level":"info","message":"GET /api/notifications/unread-count"}
{"level":"info","message":"GET /api/notifications/unread-count"}
{"level":"info","message":"GET /api/notifications/unread-count"}
{"level":"info","message":"GET /api/settings/public"}
{"level":"info","message":"GET /api/notifications"}
{"level":"info","message":"GET /api/stats"}
{"level":"info","message":"GET /api/notifications/unread-count"}
{"level":"info","message":"GET /api/settings/public"}
{"level":"info","message":"GET /api/notifications"}
{"level":"info","message":"GET /api/stats"}
{"level":"info","message":"GET /api/attendance/my-history"}
{"level":"info","message":"GET /api/attendance/my-history"}
{"level":"info","message":"GET /api/notifications/unread-count"}
{"level":"info","message":"GET /api/notifications/unread-count"}
{"level":"info","message":"GET /api/settings/public"}
{"level":"info","message":"GET /api/settings/public"}
{"level":"info","message":"GET /uploads/file-1770625408206-145851459.png"}
{"level":"info","message":"POST /api/auth/login"}
{"level":"info","message":"GET /api/notifications"}
{"level":"info","message":"GET /api/notifications/unread-count"}
{"level":"info","message":"GET /api/stats"}
{"level":"info","message":"GET /api/notifications"}
{"level":"info","message":"GET /api/notifications/unread-count"}
{"level":"info","message":"GET /api/stats"}
{"level":"info","message":"GET /api/attendance/my-history"}
{"level":"info","message":"GET /api/attendance/my-history"}
{"level":"info","message":"GET /api/notifications/unread-count"}
{"level":"info","message":"GET /api/notifications/unread-count"}
{"level":"info","message":"GET /api/notifications/unread-count"}
{"level":"info","message":"GET /api/notifications/unread-count"}
{"level":"info","message":"GET /api/notifications/unread-count"}
{"level":"info","message":"GET /api/notifications/unread-count"}
{"level":"info","message":"GET /api/settings/public"}
{"level":"info","message":"GET /api/settings/public"}
{"level":"info","message":"GET /api/notifications/unread-count"}
{"level":"info","message":"GET /api/stats"}
{"level":"info","message":"GET /api/notifications"}
{"level":"info","message":"GET /api/notifications/unread-count"}
{"level":"info","message":"GET /api/stats"}
{"level":"info","message":"GET /api/notifications"}
{"level":"info","message":"GET /api/attendance/my-history"}
{"level":"info","message":"GET /api/attendance/my-history"}
{"level":"info","message":"GET /api/notifications/unread-count"}
{"level":"info","message":"GET /api/settings/public"}
{"level":"info","message":"GET /api/settings/public"}
{"level":"info","message":"POST /api/auth/login"}
{"level":"info","message":"GET /api/settings/public"}
{"level":"info","message":"GET /api/settings/public"}
{"level":"info","message":"GET /api/notifications/unread-count"}
{"level":"info","message":"POST /api/auth/login"}
{"level":"info","message":"POST /api/auth/login"}
{"level":"info","message":"GET /api/notifications/unread-count"}
{"level":"info","message":"GET /api/stats"}
{"level":"info","message":"GET /api/notifications"}
{"level":"info","message":"GET /api/notifications/unread-count"}
{"level":"info","message":"GET /api/notifications"}
{"level":"info","message":"GET /api/stats"}
{"level":"info","message":"GET /api/attendance/my-history"}
{"level":"info","message":"GET /api/attendance/my-history"}
{"level":"info","message":"GET /api/notifications/unread-count"}
{"level":"info","message":"GET /api/notifications/unread-count"}
{"level":"info","message":"GET /api/notifications/unread-count"}
{"level":"info","message":"GET /api/notifications/unread-count"}
{"level":"info","message":"GET /api/notifications/unread-count"}
{"level":"info","message":"GET /api/notifications/unread-count"}
{"level":"info","message":"GET /api/notifications/unread-count"}
{"level":"info","message":"GET /api/notifications/unread-count"}
{"level":"info","message":"GET /api/notifications/unread-count"}
{"level":"info","message":"GET /api/notifications/unread-count"}
{"level":"info","message":"GET /api/notifications/unread-count"}
{"level":"info","message":"GET /api/notifications/unread-count"}
{"level":"info","message":"GET /api/notifications/unread-count"}
{"level":"info","message":"GET /api/notifications/unread-count"}
{"level":"info","message":"GET /api/notifications/unread-count"}
{"level":"info","message":"POST /api/attendance/punch-in"}
{"level":"info","message":"GET /api/notifications/unread-count"}
{"level":"info","message":"GET /api/settings/public"}
{"level":"info","message":"GET /api/settings/public"}
{"level":"info","message":"GET /api/notifications/unread-count"}
{"level":"info","message":"GET /api/stats"}
{"level":"info","message":"GET /api/notifications"}
{"level":"info","message":"GET /api/notifications/unread-count"}
{"level":"info","message":"GET /api/notifications"}
{"level":"info","message":"GET /api/stats"}
{"level":"info","message":"GET /api/notifications/unread-count"}
{"level":"info","message":"GET /api/notifications/unread-count"}
{"level":"info","message":"GET /api/notifications/unread-count"}
{"level":"info","message":"GET /api/notifications/unread-count"}
{"level":"info","message":"GET /api/notifications/unread-count"}
{"level":"info","message":"GET /api/notifications/unread-count"}
{"level":"info","message":"GET /api/notifications/unread-count"}
{"level":"info","message":"GET /api/notifications/unread-count"}
{"level":"info","message":"GET /api/notifications/unread-count"}
{"level":"info","message":"GET /api/notifications/unread-count"}
{"level":"info","message":"GET /api/notifications/unread-count"}
{"level":"info","message":"GET /api/notifications/unread-count"}
{"level":"info","message":"GET /api/notifications/unread-count"}
{"level":"info","message":"GET /api/notifications/unread-count"}
{"level":"info","message":"GET /api/notifications/unread-count"}
{"level":"info","message":"GET /api/notifications/unread-count"}
{"level":"info","message":"GET /api/notifications/unread-count"}
{"level":"info","message":"GET /api/notifications/unread-count"}
{"level":"info","message":"GET /api/notifications/unread-count"}
{"level":"info","message":"GET /api/notifications/unread-count"}
{"level":"info","message":"GET /api/notifications/unread-count"}
{"level":"info","message":"GET /api/notifications/unread-count"}
{"level":"info","message":"GET /api/notifications/unread-count"}
{"level":"info","message":"GET /api/notifications/unread-count"}
{"level":"info","message":"GET /api/notifications/unread-count"}
{"level":"info","message":"GET /uploads/file-1770625408206-145851459.png"}
{"level":"info","message":"GET /api/notifications/unread-count"}
{"level":"info","message":"GET /api/stats"}
{"level":"info","message":"GET /api/notifications"}
{"level":"info","message":"GET /api/notifications/unread-count"}
{"level":"info","message":"GET /api/notifications"}
{"level":"info","message":"GET /api/stats"}
{"level":"info","message":"GET /api/attendance/my-history"}
{"level":"info","message":"GET /api/payroll/list?month=2&year=2026"}
{"level":"info","message":"GET /api/payroll/stats?month=2&year=2026"}
{"level":"info","message":"GET /api/attendance/my-history"}
{"level":"info","message":"GET /api/payroll/list?month=2&year=2026"}
{"level":"info","message":"GET /api/payroll/stats?month=2&year=2026"}
{"level":"info","message":"GET /api/notifications/unread-count"}
{"level":"info","message":"GET /api/notifications/unread-count"}
{"level":"info","message":"GET /api/notifications/unread-count"}
{"level":"info","message":"GET /api/notifications/unread-count"}
{"level":"info","message":"GET /api/notifications/unread-count"}
{"level":"info","message":"GET /api/notifications/unread-count"}
{"level":"info","message":"GET /api/notifications/unread-count"}
{"level":"info","message":"GET /api/notifications/unread-count"}
{"level":"info","message":"GET /api/notifications/unread-count"}
{"level":"info","message":"GET /api/notifications/unread-count"}
{"level":"info","message":"GET /api/notifications/unread-count"}
{"level":"info","message":"Server running on port 5001"}
{"level":"info","message":"GET /api/notifications"}
{"level":"info","message":"GET /api/stats"}
{"level":"info","message":"GET /api/notifications/unread-count"}
{"level":"info","message":"GET /api/notifications"}
{"level":"info","message":"GET /api/notifications/unread-count"}
{"level":"info","message":"GET /api/stats"}
{"level":"info","message":"GET /api/notifications"}
{"level":"info","message":"GET /api/notifications/unread-count"}
{"level":"info","message":"GET /api/notifications"}
{"level":"info","message":"GET /api/stats"}
{"level":"info","message":"GET /api/attendance/my-history"}
{"level":"info","message":"GET /api/attendance/my-history"}
{"level":"info","message":"GET /api/notifications/unread-count"}
{"level":"info","message":"GET /api/notifications/unread-count"}
{"level":"info","message":"GET /api/users"}
{"level":"info","message":"GET /api/users"}
{"level":"info","message":"GET /api/notifications/unread-count"}
{"level":"info","message":"GET /api/notifications/unread-count"}
{"level":"info","message":"GET /api/notifications/unread-count"}
{"level":"info","message":"GET /api/notifications/unread-count"}
{"level":"info","message":"GET /api/notifications/unread-count"}
{"level":"info","message":"GET /api/payroll/stats?month=2&year=2026"}
{"level":"info","message":"GET /api/payroll/list?month=2&year=2026"}
{"level":"info","message":"GET /api/notifications/unread-count"}
{"level":"info","message":"GET /api/payroll/stats?month=2&year=2026"}
{"level":"info","message":"GET /api/payroll/list?month=2&year=2026"}
{"level":"info","message":"GET /api/notifications/unread-count"}
{"level":"info","message":"GET /api/payroll/list?month=2&year=2026"}
{"level":"info","message":"GET /api/payroll/stats?month=2&year=2026"}
{"level":"info","message":"GET /api/payroll/stats?month=2&year=2026"}
{"level":"info","message":"GET /api/payroll/list?month=2&year=2026"}
{"level":"info","message":"GET /api/notifications/unread-count"}
{"level":"info","message":"GET /api/notifications/unread-count"}
{"level":"info","message":"GET /api/notifications/unread-count"}
{"level":"info","message":"GET /api/notifications/unread-count"}
{"level":"info","message":"GET /api/notifications/unread-count"}
{"level":"info","message":"GET /api/notifications/unread-count"}
{"level":"info","message":"GET /api/notifications/unread-count"}
{"level":"info","message":"Server running on port 5001"}
{"level":"info","message":"GET /api/notifications/unread-count"}
{"level":"info","message":"GET /api/notifications/unread-count"}
{"level":"info","message":"GET /api/notifications/unread-count"}
{"level":"info","message":"GET /api/notifications/unread-count"}
{"level":"info","message":"GET /api/payroll/stats?month=2&year=2026"}
{"level":"info","message":"GET /api/payroll/list?month=2&year=2026"}
{"level":"info","message":"GET /api/notifications/unread-count"}
{"level":"info","message":"GET /api/payroll/stats?month=2&year=2026"}
{"level":"info","message":"GET /api/payroll/list?month=2&year=2026"}
{"level":"info","message":"GET /api/notifications/unread-count"}
{"level":"info","message":"GET /api/notifications/unread-count"}
{"level":"info","message":"GET /api/notifications/unread-count"}
{"level":"info","message":"GET /api/notifications/unread-count"}
{"level":"info","message":"GET /api/notifications/unread-count"}
{"level":"info","message":"GET /api/notifications/unread-count"}
{"level":"info","message":"GET /api/notifications/unread-count"}
{"level":"info","message":"GET /api/settings/public"}
{"level":"info","message":"GET /api/settings/public"}
{"level":"info","message":"GET /api/notifications/unread-count"}
{"level":"info","message":"GET /api/stats"}
{"level":"info","message":"GET /api/notifications/unread-count"}
{"level":"info","message":"GET /api/notifications"}
{"level":"info","message":"GET /api/notifications"}
{"level":"info","message":"GET /api/stats"}
{"level":"info","message":"GET /api/attendance/my-history"}
{"level":"info","message":"GET /api/attendance/my-history"}
{"level":"info","message":"GET /api/notifications/unread-count"}
{"level":"info","message":"GET /api/notifications/unread-count"}
{"level":"info","message":"GET /api/notifications/unread-count"}
{"level":"info","message":"GET /api/notifications/unread-count"}
{"level":"info","message":"GET /api/settings/public"}
{"level":"info","message":"GET /api/settings/public"}
{"level":"info","message":"GET /uploads/file-1770625408206-145851459.png"}
{"level":"info","message":"POST /api/auth/login"}
{"level":"info","message":"GET /api/notifications/unread-count"}
{"level":"info","message":"GET /api/stats"}
{"level":"info","message":"GET /api/notifications"}
{"level":"info","message":"GET /api/notifications/unread-count"}
{"level":"info","message":"GET /api/notifications"}
{"level":"info","message":"GET /api/stats"}
{"level":"info","message":"GET /api/attendance/my-history"}
{"level":"info","message":"GET /api/attendance/my-history"}
{"level":"info","message":"GET /api/notifications/unread-count"}
{"level":"info","message":"GET /api/notifications/unread-count"}
{"level":"info","message":"GET /api/settings/public"}
{"level":"info","message":"GET /api/settings/public"}
{"level":"info","message":"GET /uploads/file-1770625408206-145851459.png"}
{"level":"info","message":"GET /api/settings/public"}
{"level":"info","message":"GET /api/settings/public"}
{"level":"info","message":"GET /uploads/file-1770625408206-145851459.png"}
{"level":"info","message":"GET /api/settings/public"}
{"level":"info","message":"GET /api/settings/public"}
{"level":"info","message":"GET /uploads/file-1770625408206-145851459.png"}
{"level":"info","message":"GET /api/settings/public"}
{"level":"info","message":"GET /api/settings/public"}
{"level":"info","message":"GET /uploads/file-1770625408206-145851459.png"}
{"level":"info","message":"POST /api/auth/login"}
{"level":"info","message":"GET /api/notifications/unread-count"}
{"level":"info","message":"GET /api/stats"}
{"level":"info","message":"GET /api/notifications"}
{"level":"info","message":"GET /api/notifications/unread-count"}
{"level":"info","message":"GET /api/notifications"}
{"level":"info","message":"GET /api/stats"}
{"level":"info","message":"GET /api/attendance/my-history"}
{"level":"info","message":"GET /api/attendance/my-history"}
{"level":"info","message":"GET /api/notifications/unread-count"}
{"level":"info","message":"GET /api/notifications/unread-count"}
{"level":"info","message":"GET /api/notifications/unread-count"}
{"level":"info","message":"GET /api/notifications/unread-count"}
{"level":"info","message":"GET /api/notifications/unread-count"}
{"level":"info","message":"GET /api/stats"}
{"level":"info","message":"GET /api/notifications"}
{"level":"info","message":"GET /api/notifications/unread-count"}
{"level":"info","message":"GET /api/notifications"}
{"level":"info","message":"GET /api/stats"}
{"level":"info","message":"GET /api/attendance/my-history"}
{"level":"info","message":"GET /api/notifications/unread-count"}
{"level":"info","message":"GET /api/notifications/unread-count"}
{"level":"info","message":"GET /api/notifications/unread-count"}
{"level":"info","message":"GET /api/notifications/unread-count"}
{"level":"info","message":"GET /api/notifications/unread-count"}
{"level":"info","message":"GET /api/notifications/unread-count"}
{"level":"info","message":"GET /api/notifications/unread-count"}
{"level":"info","message":"GET /api/notifications/unread-count"}
{"level":"info","message":"GET /api/notifications/unread-count"}
{"level":"info","message":"GET /api/users"}
{"level":"info","message":"GET /api/users"}
{"level":"info","message":"GET /api/notifications/unread-count"}
{"level":"info","message":"GET /api/notifications/unread-count"}
{"level":"info","message":"GET /api/notifications/unread-count"}
{"level":"info","message":"GET /api/notifications/unread-count"}
{"level":"info","message":"GET /api/notifications/unread-count"}
{"level":"info","message":"GET /api/leaves/balances"}
{"level":"info","message":"GET /api/leaves/my-requests"}
{"level":"info","message":"GET /api/leaves/types"}
{"level":"info","message":"GET /api/leaves/balances"}
{"level":"info","message":"GET /api/leaves/types"}
{"level":"info","message":"GET /api/leaves/my-requests"}
{"level":"info","message":"GET /api/notifications/unread-count"}
{"level":"info","message":"GET /api/notifications/unread-count"}
{"level":"info","message":"GET /api/notifications/unread-count"}
{"level":"info","message":"GET /api/notifications/unread-count"}
{"level":"info","message":"GET /api/notifications/unread-count"}
{"level":"info","message":"GET /api/leaves/my-requests"}
{"level":"info","message":"GET /api/leaves/types"}
{"level":"info","message":"GET /api/leaves/balances"}
{"level":"info","message":"GET /api/notifications/unread-count"}
{"level":"info","message":"GET /api/leaves/types"}
{"level":"info","message":"GET /api/leaves/balances"}
{"level":"info","message":"GET /api/leaves/my-requests"}
{"level":"info","message":"GET /api/notifications/unread-count"}
{"level":"info","message":"GET /api/notifications/unread-count"}
{"level":"info","message":"GET /api/notifications/unread-count"}
{"level":"info","message":"GET /api/notifications/unread-count"}
{"level":"info","message":"GET /api/notifications/unread-count"}
{"level":"info","message":"GET /api/notifications/unread-count"}
{"level":"info","message":"GET /api/notifications/unread-count"}
{"level":"info","message":"GET /api/notifications/unread-count"}
{"level":"info","message":"GET /api/notifications/unread-count"}
{"level":"info","message":"GET /api/notifications/unread-count"}
{"level":"info","message":"GET /api/notifications/unread-count"}
{"level":"info","message":"GET /api/notifications/unread-count"}
{"level":"info","message":"GET /api/notifications/unread-count"}
{"level":"info","message":"GET /api/notifications/unread-count"}
{"level":"info","message":"GET /api/notifications/unread-count"}
{"level":"info","message":"GET /api/notifications/unread-count"}
{"level":"info","message":"GET /api/notifications/unread-count"}
{"level":"info","message":"GET /api/notifications/unread-count"}
{"level":"info","message":"GET /api/notifications/unread-count"}
{"level":"info","message":"GET /api/notifications/unread-count"}
{"level":"info","message":"GET /api/notifications/unread-count"}
{"level":"info","message":"GET /api/notifications/unread-count"}
{"level":"info","message":"GET /api/notifications/unread-count"}
{"level":"info","message":"GET /api/notifications/unread-count"}
{"level":"info","message":"GET /api/notifications/unread-count"}
{"level":"info","message":"GET /api/notifications/unread-count"}
{"level":"info","message":"GET /api/notifications/unread-count"}
{"level":"info","message":"GET /api/notifications/unread-count"}
{"level":"info","message":"GET /api/notifications/unread-count"}
{"level":"info","message":"GET /api/notifications/unread-count"}
{"level":"info","message":"GET /api/notifications/unread-count"}
{"level":"info","message":"GET /api/notifications/unread-count"}
{"level":"info","message":"GET /api/notifications/unread-count"}
{"level":"info","message":"GET /api/notifications/unread-count"}
{"level":"info","message":"GET /api/notifications/unread-count"}
{"level":"info","message":"GET /api/notifications/unread-count"}
{"level":"info","message":"GET /api/notifications/unread-count"}
{"level":"info","message":"GET /api/notifications/unread-count"}
{"level":"info","message":"GET /api/notifications/unread-count"}
{"level":"info","message":"GET /api/notifications/unread-count"}
{"level":"info","message":"GET /api/notifications/unread-count"}
{"level":"info","message":"GET /api/notifications/unread-count"}
{"level":"info","message":"GET /api/notifications/unread-count"}
{"level":"info","message":"GET /api/notifications/unread-count"}
{"level":"info","message":"GET /api/notifications/unread-count"}
{"level":"info","message":"GET /api/notifications/unread-count"}
{"level":"info","message":"GET /api/notifications/unread-count"}
{"level":"info","message":"GET /api/notifications/unread-count"}
{"level":"info","message":"GET /api/notifications/unread-count"}
{"level":"info","message":"GET /api/notifications/unread-count"}
{"level":"info","message":"GET /api/notifications/unread-count"}
{"level":"info","message":"GET /api/notifications/unread-count"}
{"level":"info","message":"GET /api/notifications/unread-count"}
{"level":"info","message":"GET /api/notifications/unread-count"}
{"level":"info","message":"GET /api/notifications/unread-count"}
{"level":"info","message":"GET /api/notifications/unread-count"}
{"level":"info","message":"GET /api/notifications/unread-count"}
{"level":"info","message":"GET /api/notifications/unread-count"}
{"level":"info","message":"GET /api/notifications/unread-count"}
{"level":"info","message":"GET /api/notifications/unread-count"}
{"level":"info","message":"GET /api/notifications/unread-count"}
{"level":"info","message":"GET /api/notifications/unread-count"}
{"level":"info","message":"GET /api/notifications/unread-count"}
{"level":"info","message":"GET /api/notifications/unread-count"}
{"level":"info","message":"GET /api/notifications/unread-count"}
{"level":"info","message":"GET /api/notifications/unread-count"}
{"level":"info","message":"GET /api/notifications/unread-count"}
{"level":"info","message":"GET /api/notifications/unread-count"}
{"level":"info","message":"GET /api/notifications/unread-count"}
{"level":"info","message":"GET /api/notifications/unread-count"}
{"level":"info","message":"GET /api/notifications/unread-count"}
{"level":"info","message":"GET /api/notifications/unread-count"}
{"level":"info","message":"GET /api/notifications/unread-count"}
{"level":"info","message":"GET /api/notifications/unread-count"}
{"level":"info","message":"GET /api/notifications/unread-count"}
{"level":"info","message":"GET /api/notifications/unread-count"}
{"level":"info","message":"GET /api/notifications/unread-count"}
{"level":"info","message":"GET /api/notifications/unread-count"}
{"level":"info","message":"GET /api/notifications/unread-count"}
{"level":"info","message":"GET /api/notifications/unread-count"}
{"level":"info","message":"GET /api/notifications/unread-count"}
{"level":"info","message":"GET /api/notifications/unread-count"}
{"level":"info","message":"GET /api/notifications/unread-count"}
{"level":"info","message":"GET /api/notifications/unread-count"}
{"level":"info","message":"GET /api/notifications/unread-count"}
{"level":"info","message":"GET /api/notifications/unread-count"}
{"level":"info","message":"GET /api/notifications/unread-count"}
{"level":"info","message":"GET /api/notifications/unread-count"}
{"level":"info","message":"GET /api/notifications/unread-count"}
{"level":"info","message":"GET /api/notifications/unread-count"}
{"level":"info","message":"GET /api/notifications/unread-count"}
{"level":"info","message":"GET /api/notifications/unread-count"}
{"level":"info","message":"GET /api/notifications/unread-count"}
{"level":"info","message":"GET /api/notifications/unread-count"}
{"level":"info","message":"GET /api/notifications/unread-count"}
{"level":"info","message":"GET /api/notifications/unread-count"}
{"level":"info","message":"GET /api/notifications"}
{"level":"info","message":"PUT /api/notifications/d4773631-567b-461b-96f4-e3afa1c072a4/read"}
{"level":"info","message":"GET /api/notifications"}
{"level":"info","message":"GET /api/leaves/team-requests"}
{"level":"info","message":"GET /api/leaves/team-requests"}
{"level":"info","message":"GET /api/notifications"}
{"level":"info","message":"GET /api/notifications"}
{"level":"info","message":"GET /api/stats"}
{"level":"info","message":"GET /api/notifications"}
{"level":"info","message":"GET /api/stats"}
{"level":"info","message":"GET /api/attendance/my-history"}
{"level":"info","message":"GET /api/attendance/my-history"}
{"level":"info","message":"GET /api/notifications/unread-count"}
{"level":"info","message":"POST /api/attendance/punch-in"}
{"level":"info","message":"GET /api/notifications/unread-count"}
{"level":"info","message":"GET /api/notifications/unread-count"}
{"level":"info","message":"GET /api/notifications/unread-count"}
{"level":"info","message":"GET /api/notifications/unread-count"}
{"level":"info","message":"GET /api/notifications/unread-count"}
{"level":"info","message":"GET /api/notifications/unread-count"}
{"level":"info","message":"GET /api/notifications/unread-count"}
{"level":"info","message":"GET /api/notifications/unread-count"}
{"level":"info","message":"GET /api/notifications/unread-count"}
{"level":"info","message":"GET /api/notifications/unread-count"}
{"level":"info","message":"GET /api/notifications/unread-count"}
{"level":"info","message":"GET /api/notifications/unread-count"}
{"level":"info","message":"GET /api/notifications/unread-count"}
{"level":"info","message":"GET /api/notifications/unread-count"}
{"level":"info","message":"GET /api/notifications/unread-count"}
{"level":"info","message":"GET /api/notifications/unread-count"}
{"level":"info","message":"GET /api/notifications/unread-count"}
{"level":"info","message":"GET /api/notifications/unread-count"}
{"level":"info","message":"GET /api/notifications/unread-count"}
{"level":"info","message":"GET /api/notifications/unread-count"}
{"level":"info","message":"GET /api/notifications/unread-count"}
{"level":"info","message":"GET /api/notifications/unread-count"}
{"level":"info","message":"GET /api/notifications/unread-count"}
{"level":"info","message":"GET /api/notifications/unread-count"}
{"level":"info","message":"GET /api/notifications/unread-count"}
{"level":"info","message":"GET /api/notifications/unread-count"}
{"level":"info","message":"GET /api/notifications/unread-count"}
{"level":"info","message":"GET /api/notifications/unread-count"}
{"level":"info","message":"GET /api/notifications/unread-count"}
{"level":"info","message":"GET /api/notifications/unread-count"}
{"level":"info","message":"GET /api/notifications/unread-count"}
{"level":"info","message":"GET /api/notifications/unread-count"}
{"level":"info","message":"GET /api/notifications/unread-count"}
{"level":"info","message":"GET /api/notifications/unread-count"}
{"level":"info","message":"GET /api/notifications/unread-count"}
{"level":"info","message":"GET /api/notifications/unread-count"}
{"level":"info","message":"GET /api/notifications/unread-count"}
{"level":"info","message":"GET /api/notifications/unread-count"}
{"level":"info","message":"GET /api/notifications/unread-count"}
{"level":"info","message":"GET /api/notifications/unread-count"}
{"level":"info","message":"GET /api/notifications/unread-count"}
{"level":"info","message":"GET /api/notifications/unread-count"}
{"level":"info","message":"GET /api/notifications/unread-count"}
{"level":"info","message":"GET /api/notifications/unread-count"}
{"level":"info","message":"GET /api/notifications/unread-count"}
{"level":"info","message":"GET /api/notifications/unread-count"}
{"level":"info","message":"GET /api/notifications/unread-count"}
{"level":"info","message":"GET /api/notifications/unread-count"}
{"level":"info","message":"GET /api/notifications/unread-count"}
{"level":"info","message":"GET /api/stats"}
{"level":"info","message":"GET /api/notifications"}
{"level":"info","message":"GET /api/notifications/unread-count"}
{"level":"info","message":"GET /api/notifications"}
{"level":"info","message":"GET /api/stats"}
{"level":"info","message":"GET /api/attendance/my-history"}
{"level":"info","message":"GET /api/attendance/my-history"}
{"level":"info","message":"GET /api/notifications/unread-count"}
{"level":"info","message":"GET /api/notifications/unread-count"}
{"level":"info","message":"GET /api/notifications/unread-count"}
{"level":"info","message":"GET /api/notifications/unread-count"}
{"level":"info","message":"GET /api/notifications/unread-count"}
{"level":"info","message":"GET /api/notifications/unread-count"}
{"level":"info","message":"GET /api/notifications/unread-count"}
{"level":"info","message":"GET /api/notifications/unread-count"}
{"level":"info","message":"GET /api/notifications"}
{"level":"info","message":"GET /api/users"}
{"level":"info","message":"GET /api/users"}
{"level":"info","message":"GET /api/leaves/my-requests"}
{"level":"info","message":"GET /api/leaves/types"}
{"level":"info","message":"GET /api/leaves/balances"}
{"level":"info","message":"GET /api/leaves/my-requests"}
{"level":"info","message":"GET /api/payroll/list?month=2&year=2026"}
{"level":"info","message":"GET /api/payroll/stats?month=2&year=2026"}
{"level":"info","message":"GET /api/leaves/types"}
{"level":"info","message":"GET /api/leaves/balances"}
{"level":"info","message":"GET /api/payroll/list?month=2&year=2026"}
{"level":"info","message":"GET /api/payroll/stats?month=2&year=2026"}
{"level":"info","message":"GET /api/notifications/unread-count"}
{"level":"info","message":"GET /api/expenses/claims"}
{"level":"info","message":"GET /api/expenses/categories"}
{"level":"info","message":"GET /api/expenses/claims"}
{"level":"info","message":"GET /api/expenses/categories"}
{"level":"info","message":"GET /api/stats"}
{"level":"info","message":"GET /api/stats"}
{"level":"info","message":"GET /api/notifications/unread-count"}
{"level":"info","message":"GET /api/settings"}
{"level":"info","message":"GET /api/settings"}
{"level":"info","message":"GET /api/job-roles"}
{"level":"info","message":"GET /api/leaves/types"}
{"level":"info","message":"GET /api/holidays"}
{"level":"info","message":"GET /api/job-roles"}
{"level":"info","message":"GET /api/leaves/types"}
{"level":"info","message":"GET /api/holidays"}
{"level":"info","message":"GET /uploads/file-1770625408206-145851459.png"}
{"level":"info","message":"GET /api/notifications/unread-count"}
{"level":"info","message":"GET /api/notifications/unread-count"}
{"level":"info","message":"GET /api/notifications/unread-count"}
{"level":"info","message":"GET /api/notifications/unread-count"}
{"level":"info","message":"GET /api/notifications/unread-count"}
{"level":"info","message":"GET /api/notifications/unread-count"}
{"level":"info","message":"GET /api/notifications/unread-count"}
{"level":"info","message":"GET /api/notifications/unread-count"}
{"level":"info","message":"Server running on port 5001"}
{"level":"info","message":"GET /api/settings/public"}
{"level":"info","message":"GET /api/notifications/unread-count"}
{"level":"info","message":"GET /api/stats"}
{"level":"info","message":"GET /api/notifications"}
{"level":"info","message":"GET /api/notifications"}
{"level":"info","message":"GET /api/notifications/unread-count"}
{"level":"info","message":"GET /api/settings/public"}
{"level":"info","message":"GET /api/stats"}
{"level":"info","message":"GET /api/attendance/my-history"}
{"level":"info","message":"GET /api/attendance/my-history"}
{"level":"info","message":"GET /api/notifications/unread-count"}
{"level":"info","message":"GET /api/notifications/unread-count"}
{"level":"info","message":"GET /api/notifications/unread-count"}
{"level":"info","message":"GET /api/settings/public"}
{"level":"info","message":"GET /api/stats"}
{"level":"info","message":"GET /api/notifications"}
{"level":"info","message":"GET /api/notifications/unread-count"}
{"level":"info","message":"GET /api/settings/public"}
{"level":"info","message":"GET /api/notifications"}
{"level":"info","message":"GET /api/stats"}
{"level":"info","message":"GET /api/attendance/my-history"}
{"level":"info","message":"GET /api/attendance/my-history"}
{"level":"info","message":"GET /api/notifications/unread-count"}
{"level":"info","message":"GET /api/notifications/unread-count"}
{"level":"info","message":"GET /api/notifications"}
{"level":"info","message":"GET /api/notifications/unread-count"}
{"level":"info","message":"GET /api/notifications/unread-count"}
{"level":"info","message":"GET /api/notifications/unread-count"}
{"level":"info","message":"GET /api/notifications/unread-count"}
{"level":"info","message":"GET /api/notifications/unread-count"}
{"level":"info","message":"GET /api/notifications/unread-count"}
{"level":"info","message":"GET /api/notifications/unread-count"}
{"level":"info","message":"GET /api/notifications/unread-count"}
{"level":"info","message":"GET /api/notifications/unread-count"}
{"level":"info","message":"GET /api/notifications/unread-count"}
{"level":"info","message":"GET /api/notifications/unread-count"}
{"level":"info","message":"GET /api/notifications/unread-count"}
{"level":"info","message":"GET /api/notifications/unread-count"}
{"level":"info","message":"GET /api/notifications/unread-count"}
{"level":"info","message":"GET /api/notifications/unread-count"}
{"level":"info","message":"GET /api/notifications/unread-count"}
{"level":"info","message":"GET /api/notifications/unread-count"}
{"level":"info","message":"GET /api/notifications/unread-count"}
{"level":"info","message":"GET /api/notifications/unread-count"}
{"level":"info","message":"GET /api/notifications/unread-count"}
{"level":"info","message":"GET /api/notifications/unread-count"}
{"level":"info","message":"GET /api/notifications/unread-count"}
{"level":"info","message":"GET /api/notifications/unread-count"}
{"level":"info","message":"GET /api/notifications/unread-count"}
{"level":"info","message":"GET /api/notifications/unread-count"}
{"level":"info","message":"GET /api/notifications/unread-count"}
{"level":"info","message":"GET /api/notifications/unread-count"}
{"level":"info","message":"GET /api/notifications/unread-count"}
{"level":"info","message":"GET /api/notifications/unread-count"}
{"level":"info","message":"GET /api/notifications/unread-count"}
{"level":"info","message":"GET /api/notifications/unread-count"}
{"level":"info","message":"GET /api/notifications/unread-count"}
{"level":"info","message":"GET /api/notifications/unread-count"}
{"level":"info","message":"GET /api/notifications/unread-count"}
{"level":"info","message":"GET /api/notifications/unread-count"}
{"level":"info","message":"GET /api/notifications/unread-count"}
{"level":"info","message":"GET /api/notifications/unread-count"}
{"level":"info","message":"GET /api/notifications/unread-count"}
{"level":"info","message":"GET /api/notifications/unread-count"}
{"level":"info","message":"GET /api/notifications/unread-count"}
{"level":"info","message":"GET /api/notifications/unread-count"}
{"level":"info","message":"GET /api/notifications/unread-count"}
{"level":"info","message":"GET /api/notifications/unread-count"}
{"level":"info","message":"GET /api/notifications/unread-count"}
{"level":"info","message":"GET /api/notifications/unread-count"}
{"level":"info","message":"GET /api/notifications/unread-count"}
{"level":"info","message":"GET /api/notifications/unread-count"}
{"level":"info","message":"GET /api/notifications/unread-count"}
{"level":"info","message":"GET /api/notifications/unread-count"}
{"level":"info","message":"GET /api/notifications/unread-count"}
{"level":"info","message":"GET /api/notifications/unread-count"}
{"level":"info","message":"GET /api/notifications/unread-count"}
{"level":"info","message":"GET /api/notifications/unread-count"}
{"level":"info","message":"GET /api/notifications/unread-count"}
{"level":"info","message":"GET /api/notifications/unread-count"}
{"level":"info","message":"GET /api/notifications/unread-count"}
{"level":"info","message":"GET /api/notifications/unread-count"}
{"level":"info","message":"GET /api/notifications/unread-count"}
{"level":"info","message":"GET /api/notifications/unread-count"}
{"level":"info","message":"GET /api/notifications/unread-count"}
{"level":"info","message":"GET /api/notifications/unread-count"}
{"level":"info","message":"GET /api/notifications/unread-count"}
{"level":"info","message":"GET /api/notifications/unread-count"}
{"level":"info","message":"GET /api/notifications/unread-count"}
{"level":"info","message":"GET /api/notifications/unread-count"}
{"level":"info","message":"GET /api/notifications/unread-count"}
{"level":"info","message":"GET /api/notifications/unread-count"}
{"level":"info","message":"GET /api/notifications/unread-count"}
{"level":"info","message":"GET /api/notifications/unread-count"}
{"level":"info","message":"GET /api/notifications/unread-count"}
{"level":"info","message":"GET /api/notifications/unread-count"}
{"level":"info","message":"GET /api/notifications/unread-count"}
{"level":"info","message":"GET /api/notifications/unread-count"}
{"level":"info","message":"GET /api/notifications/unread-count"}
{"level":"info","message":"GET /api/notifications/unread-count"}
{"level":"info","message":"GET /api/notifications/unread-count"}
{"level":"info","message":"GET /api/notifications/unread-count"}
{"level":"info","message":"GET /api/notifications/unread-count"}
{"level":"info","message":"GET /api/notifications/unread-count"}
{"level":"info","message":"GET /api/notifications/unread-count"}
{"level":"info","message":"GET /api/notifications/unread-count"}
{"level":"info","message":"GET /api/notifications/unread-count"}
{"level":"info","message":"GET /api/notifications/unread-count"}
{"level":"info","message":"GET /api/notifications/unread-count"}
{"level":"info","message":"GET /api/notifications/unread-count"}
{"level":"info","message":"GET /api/notifications/unread-count"}
{"level":"info","message":"GET /api/notifications/unread-count"}
{"level":"info","message":"GET /api/notifications/unread-count"}
{"level":"info","message":"GET /api/notifications/unread-count"}
{"level":"info","message":"GET /api/notifications/unread-count"}
{"level":"info","message":"GET /api/notifications/unread-count"}
{"level":"info","message":"GET /api/notifications/unread-count"}
{"level":"info","message":"GET /api/notifications/unread-count"}
{"level":"info","message":"GET /api/notifications/unread-count"}
{"level":"info","message":"GET /api/notifications/unread-count"}
{"level":"info","message":"GET /api/notifications/unread-count"}
{"level":"info","message":"GET /api/notifications/unread-count"}
{"level":"info","message":"GET /api/notifications/unread-count"}
{"level":"info","message":"GET /api/notifications/unread-count"}
{"level":"info","message":"GET /api/notifications/unread-count"}
{"level":"info","message":"GET /api/notifications/unread-count"}
{"level":"info","message":"GET /api/notifications/unread-count"}
{"level":"info","message":"GET /api/notifications/unread-count"}
{"level":"info","message":"GET /api/notifications/unread-count"}
{"level":"info","message":"GET /api/notifications/unread-count"}
{"level":"info","message":"GET /api/notifications/unread-count"}
{"level":"info","message":"GET /api/notifications/unread-count"}
{"level":"info","message":"GET /api/notifications/unread-count"}
{"level":"info","message":"GET /api/notifications/unread-count"}
{"level":"info","message":"GET /api/notifications/unread-count"}
{"level":"info","message":"GET /api/notifications/unread-count"}
{"level":"info","message":"GET /api/notifications/unread-count"}
{"level":"info","message":"GET /api/notifications/unread-count"}
{"level":"info","message":"GET /api/notifications/unread-count"}
{"level":"info","message":"GET /api/notifications/unread-count"}
{"level":"info","message":"GET /api/notifications/unread-count"}
{"level":"info","message":"GET /api/notifications/unread-count"}
{"level":"info","message":"GET /api/notifications/unread-count"}
{"level":"info","message":"GET /api/notifications/unread-count"}
{"level":"info","message":"GET /api/notifications/unread-count"}
{"level":"info","message":"GET /api/notifications/unread-count"}
{"level":"info","message":"GET /api/notifications/unread-count"}
{"level":"info","message":"GET /api/notifications/unread-count"}
{"level":"info","message":"GET /api/notifications/unread-count"}
{"level":"info","message":"GET /api/notifications/unread-count"}
{"level":"info","message":"GET /api/notifications/unread-count"}
{"level":"info","message":"GET /api/notifications/unread-count"}
{"level":"info","message":"GET /api/notifications/unread-count"}
{"level":"info","message":"GET /api/notifications/unread-count"}
{"level":"info","message":"GET /api/notifications/unread-count"}
{"level":"info","message":"GET /api/notifications/unread-count"}
{"level":"info","message":"GET /api/notifications/unread-count"}
{"level":"info","message":"GET /api/notifications/unread-count"}
{"level":"info","message":"GET /api/notifications/unread-count"}
{"level":"info","message":"GET /api/notifications/unread-count"}
{"level":"info","message":"GET /api/notifications/unread-count"}
{"level":"info","message":"GET /api/notifications/unread-count"}
{"level":"info","message":"GET /api/notifications/unread-count"}
{"level":"info","message":"GET /api/notifications/unread-count"}
{"level":"info","message":"GET /api/notifications/unread-count"}
{"level":"info","message":"GET /api/notifications/unread-count"}
{"level":"info","message":"GET /api/notifications/unread-count"}
{"level":"info","message":"GET /api/notifications/unread-count"}
{"level":"info","message":"GET /api/notifications/unread-count"}
{"level":"info","message":"GET /api/notifications/unread-count"}
{"level":"info","message":"GET /api/notifications/unread-count"}
{"level":"info","message":"GET /api/notifications/unread-count"}
{"level":"info","message":"GET /api/notifications/unread-count"}
{"level":"info","message":"GET /api/notifications/unread-count"}
{"level":"info","message":"GET /api/notifications/unread-count"}
{"level":"info","message":"GET /api/notifications/unread-count"}
{"level":"info","message":"GET /api/notifications/unread-count"}
{"level":"info","message":"GET /api/notifications/unread-count"}
{"level":"info","message":"GET /api/notifications/unread-count"}
{"level":"info","message":"GET /api/notifications/unread-count"}
{"level":"info","message":"GET /api/notifications/unread-count"}
{"level":"info","message":"GET /api/notifications/unread-count"}
{"level":"info","message":"GET /api/notifications/unread-count"}
{"level":"info","message":"GET /api/notifications/unread-count"}
{"level":"info","message":"GET /api/notifications/unread-count"}
{"level":"info","message":"GET /api/notifications/unread-count"}
{"level":"info","message":"GET /api/notifications/unread-count"}
{"level":"info","message":"GET /api/notifications/unread-count"}
{"level":"info","message":"GET /api/notifications/unread-count"}
{"level":"info","message":"GET /api/notifications/unread-count"}
{"level":"info","message":"GET /api/notifications/unread-count"}
{"level":"info","message":"GET /api/notifications/unread-count"}
{"level":"info","message":"GET /api/notifications/unread-count"}
{"level":"info","message":"GET /api/notifications/unread-count"}
{"level":"info","message":"GET /api/notifications/unread-count"}
{"level":"info","message":"GET /api/notifications/unread-count"}
{"level":"info","message":"GET /api/notifications/unread-count"}
{"level":"info","message":"GET /api/notifications/unread-count"}
{"level":"info","message":"GET /api/notifications/unread-count"}
{"level":"info","message":"GET /api/notifications/unread-count"}
{"level":"info","message":"GET /api/notifications/unread-count"}
{"level":"info","message":"GET /api/notifications/unread-count"}
{"level":"info","message":"GET /api/notifications/unread-count"}
{"level":"info","message":"GET /api/notifications/unread-count"}
{"level":"info","message":"GET /api/notifications/unread-count"}
{"level":"info","message":"GET /api/notifications/unread-count"}
{"level":"info","message":"GET /api/notifications/unread-count"}
{"level":"info","message":"GET /api/notifications/unread-count"}
{"level":"info","message":"GET /api/notifications/unread-count"}
{"level":"info","message":"GET /api/notifications/unread-count"}
{"level":"info","message":"GET /api/notifications/unread-count"}
{"level":"info","message":"GET /api/notifications/unread-count"}
{"level":"info","message":"GET /api/notifications/unread-count"}
{"level":"info","message":"GET /api/notifications/unread-count"}
{"level":"info","message":"GET /api/notifications/unread-count"}
{"level":"info","message":"GET /api/notifications/unread-count"}
{"level":"info","message":"GET /api/notifications/unread-count"}
{"level":"info","message":"GET /api/notifications/unread-count"}
{"level":"info","message":"GET /api/notifications/unread-count"}
{"level":"info","message":"GET /api/notifications/unread-count"}
{"level":"info","message":"GET /api/notifications/unread-count"}
{"level":"info","message":"GET /api/notifications/unread-count"}
{"level":"info","message":"GET /api/notifications/unread-count"}
{"level":"info","message":"GET /api/notifications/unread-count"}
{"level":"info","message":"GET /api/notifications/unread-count"}
{"level":"info","message":"GET /api/notifications/unread-count"}
{"level":"info","message":"GET /api/notifications/unread-count"}
{"level":"info","message":"GET /api/notifications/unread-count"}
{"level":"info","message":"GET /api/notifications/unread-count"}
{"level":"info","message":"GET /api/notifications/unread-count"}
{"level":"info","message":"GET /api/notifications/unread-count"}
{"level":"info","message":"GET /api/notifications/unread-count"}
{"level":"info","message":"GET /api/notifications/unread-count"}
{"level":"info","message":"GET /api/notifications/unread-count"}
{"level":"info","message":"GET /api/notifications/unread-count"}
{"level":"info","message":"GET /api/notifications/unread-count"}
{"level":"info","message":"GET /api/notifications/unread-count"}
{"level":"info","message":"GET /api/notifications/unread-count"}
{"level":"info","message":"GET /api/notifications/unread-count"}
{"level":"info","message":"GET /api/notifications/unread-count"}
{"level":"info","message":"GET /api/notifications/unread-count"}
{"level":"info","message":"GET /api/notifications/unread-count"}
{"level":"info","message":"GET /api/notifications/unread-count"}
{"level":"info","message":"GET /api/notifications/unread-count"}
{"level":"info","message":"GET /api/notifications/unread-count"}
{"level":"info","message":"GET /api/notifications/unread-count"}
{"level":"info","message":"GET /api/notifications/unread-count"}
{"level":"info","message":"GET /api/notifications/unread-count"}
{"level":"info","message":"GET /api/notifications/unread-count"}
{"level":"info","message":"GET /api/notifications"}
{"level":"info","message":"PUT /api/notifications/29678ec2-5305-46f9-85ad-3db27097db45/read"}
{"level":"info","message":"GET /api/leaves/balances"}
{"level":"info","message":"GET /api/leaves/my-requests"}
{"level":"info","message":"GET /api/leaves/types"}
{"level":"info","message":"GET /api/leaves/types"}
{"level":"info","message":"GET /api/leaves/balances"}
{"level":"info","message":"GET /api/leaves/my-requests"}
{"level":"info","message":"GET /api/leaves/balances"}
{"level":"info","message":"GET /api/leaves/my-requests"}
{"level":"info","message":"GET /api/leaves/types"}
{"level":"info","message":"GET /api/leaves/types"}
{"level":"info","message":"GET /api/leaves/my-requests"}
{"level":"info","message":"GET /api/leaves/balances"}
{"level":"info","message":"GET /api/payroll/list?month=2&year=2026"}
{"level":"info","message":"GET /api/payroll/stats?month=2&year=2026"}
{"level":"info","message":"GET /api/payroll/list?month=2&year=2026"}
{"level":"info","message":"GET /api/payroll/stats?month=2&year=2026"}
{"level":"info","message":"GET /api/payroll/stats?month=2&year=2024"}
{"level":"info","message":"GET /api/payroll/list?month=2&year=2024"}
{"level":"info","message":"GET /api/notifications/unread-count"}
{"level":"info","message":"GET /api/users?status=ACTIVE"}
{"level":"info","message":"GET /api/notifications/unread-count"}
{"level":"info","message":"POST /api/payroll/calculate"}
{"level":"info","message":"GET /api/notifications/unread-count"}
{"level":"info","message":"GET /api/payroll/stats?month=2&year=2026"}
{"level":"info","message":"GET /api/payroll/list?month=2&year=2026"}
{"level":"info","message":"GET /api/notifications/unread-count"}
{"level":"info","message":"GET /api/payroll/stats?month=2&year=2026"}
{"level":"info","message":"GET /api/payroll/list?month=2&year=2026"}
{"level":"info","message":"GET /api/notifications/unread-count"}
{"level":"info","message":"GET /api/notifications/unread-count"}
{"level":"info","message":"GET /api/notifications/unread-count"}
{"level":"info","message":"GET /api/notifications/unread-count"}
{"level":"info","message":"GET /api/notifications/unread-count"}
{"level":"info","message":"GET /api/notifications/unread-count"}
{"level":"info","message":"GET /api/notifications/unread-count"}
{"level":"info","message":"GET /api/notifications/unread-count"}
{"level":"info","message":"GET /api/notifications/unread-count"}
{"level":"info","message":"GET /api/notifications/unread-count"}
{"level":"info","message":"GET /api/notifications/unread-count"}
{"level":"info","message":"GET /api/notifications/unread-count"}
{"level":"info","message":"GET /api/notifications/unread-count"}
{"level":"info","message":"GET /api/notifications/unread-count"}
{"level":"info","message":"GET /api/notifications/unread-count"}
{"level":"info","message":"GET /api/notifications/unread-count"}
{"level":"info","message":"Server running on port 5001"}
{"level":"info","message":"Server running on port 5001"}
{"level":"info","message":"GET /api/notifications/unread-count"}
{"level":"info","message":"GET /api/notifications/unread-count"}
{"level":"info","message":"POST /api/auth/login"}
{"level":"info","message":"GET /api/notifications/unread-count"}
{"level":"info","message":"GET /api/users"}
{"level":"info","message":"GET /api/payroll/stats?month=2&year=2026"}
{"level":"info","message":"GET /api/payroll/list?month=2&year=2026"}
{"level":"info","message":"POST /api/payroll/generate"}
{"level":"info","message":"GET /api/payroll/stats?month=2&year=2026"}
{"level":"info","message":"GET /api/notifications/unread-count"}
{"level":"info","message":"GET /api/notifications/unread-count"}
{"level":"info","message":"Server running on port 5001"}
{"level":"info","message":"GET /api/notifications/unread-count"}
{"level":"info","message":"GET /api/notifications/unread-count"}
{"level":"info","message":"POST /api/auth/login"}
{"level":"info","message":"GET /api/users"}
{"level":"info","message":"GET /api/payroll/stats?month=2&year=2026"}
{"level":"info","message":"GET /api/payroll/list?month=2&year=2026"}
{"level":"info","message":"GET /api/notifications/unread-count"}
{"level":"info","message":"POST /api/payroll/generate"}
{"level":"info","message":"GET /api/payroll/stats?month=2&year=2026"}
{"level":"info","message":"GET /api/notifications/unread-count"}
{"level":"info","message":"GET /api/notifications/unread-count"}
{"level":"info","message":"GET /api/notifications/unread-count"}
{"level":"info","message":"GET /api/notifications/unread-count"}
{"level":"info","message":"GET /api/notifications/unread-count"}
{"level":"info","message":"GET /api/notifications/unread-count"}
{"level":"info","message":"GET /api/users?status=ACTIVE"}
{"level":"info","message":"POST /api/payroll/calculate"}
{"level":"info","message":"GET /api/notifications/unread-count"}
{"level":"info","message":"GET /api/notifications/unread-count"}
{"level":"info","message":"GET /api/payroll/stats?month=2&year=2026"}
{"level":"info","message":"GET /api/payroll/list?month=2&year=2026"}
{"level":"info","message":"GET /api/payroll/stats?month=2&year=2026"}
{"level":"info","message":"GET /api/payroll/list?month=2&year=2026"}
{"level":"info","message":"GET /api/payroll/stats?month=1&year=2026"}
{"level":"info","message":"GET /api/payroll/list?month=1&year=2026"}
{"level":"info","message":"GET /api/payroll/stats?month=1&year=2024"}
{"level":"info","message":"GET /api/payroll/list?month=1&year=2024"}
{"level":"info","message":"GET /api/users?status=ACTIVE"}
{"level":"info","message":"POST /api/payroll/calculate"}
{"level":"info","message":"GET /api/settings/public"}
{"level":"info","message":"GET /api/settings/public"}
{"level":"info","message":"GET /uploads/file-1770625408206-145851459.png"}
{"level":"info","message":"GET /api/settings/public"}
{"level":"info","message":"GET /api/settings/public"}
{"level":"info","message":"GET /uploads/file-1770625408206-145851459.png"}
{"level":"info","message":"Server running on port 5001"}
{"level":"info","message":"Server running on port 5001"}
{"level":"info","message":"Server running on port 5001"}
{"level":"info","message":"Server running on port 5001"}
{"level":"info","message":"Server running on port 5001"}
{"level":"info","message":"Server running on port 5001"}
{"level":"info","message":"POST /api/auth/login"}
{"level":"info","message":"Server running on port 5001"}
{"level":"info","message":"Server running on port 5001"}
{"level":"info","message":"GET /api/health/status"}
{"level":"info","message":"GET /api/health/errors?page=1&limit=10"}
{"level":"info","message":"GET /api/notifications/unread-count"}
{"level":"info","message":"GET /uploads/file-1770625408206-145851459.png"}
{"level":"info","message":"GET /api/notifications/unread-count"}
{"level":"info","message":"GET /api/stats"}
{"level":"info","message":"GET /api/notifications"}
{"level":"info","message":"GET /api/notifications/unread-count"}
{"level":"info","message":"GET /api/notifications"}
{"level":"info","message":"GET /api/health/status"}
{"level":"info","message":"GET /api/health/errors?page=1&limit=10"}
{"level":"info","message":"GET /api/health/status"}
{"level":"info","message":"GET /api/health/errors?page=1&limit=10"}
{"level":"info","message":"GET /api/stats"}
{"level":"info","message":"GET /api/notifications/unread-count"}
{"level":"info","message":"GET /api/health/status"}
{"level":"info","message":"GET /api/health/errors?page=1&limit=10"}
{"level":"info","message":"GET /api/health/status"}
{"level":"info","message":"GET /api/health/errors?page=1&limit=10"}
{"level":"info","message":"GET /api/notifications/unread-count"}
{"level":"info","message":"GET /api/health/status"}
{"level":"info","message":"GET /api/health/errors?page=1&limit=10"}
{"level":"info","message":"GET /api/notifications/unread-count"}
{"level":"info","message":"GET /api/health/status"}
{"level":"info","message":"GET /api/health/errors?page=1&limit=10"}
{"level":"info","message":"GET /api/health/status"}
{"level":"info","message":"GET /api/health/errors?page=1&limit=10"}
{"level":"info","message":"GET /api/health/status"}
{"level":"info","message":"GET /api/health/errors?page=1&limit=10"}
{"level":"info","message":"GET /api/health/status"}
{"level":"info","message":"GET /api/health/errors?page=1&limit=10"}
{"level":"info","message":"GET /api/notifications/unread-count"}
{"level":"info","message":"GET /api/stats"}
{"level":"info","message":"GET /api/notifications"}
{"level":"info","message":"GET /api/notifications"}
{"level":"info","message":"GET /api/stats"}
{"level":"info","message":"GET /api/attendance/my-history"}
{"level":"info","message":"GET /api/attendance/my-history"}
{"level":"info","message":"GET /api/notifications/unread-count"}
{"level":"info","message":"GET /api/health/status"}
{"level":"info","message":"GET /api/health/errors?page=1&limit=10"}
{"level":"info","message":"GET /api/notifications/unread-count"}
{"level":"info","message":"GET /api/notifications/unread-count"}
{"level":"info","message":"GET /api/health/status"}
{"level":"info","message":"GET /api/health/errors?page=1&limit=10"}
{"level":"info","message":"GET /api/notifications/unread-count"}
{"level":"info","message":"GET /api/notifications/unread-count"}
{"level":"info","message":"GET /uploads/file-1770625408206-145851459.png"}
{"level":"info","message":"GET /api/notifications/unread-count"}
{"level":"info","message":"GET /api/stats"}
{"level":"info","message":"GET /api/notifications"}
{"level":"info","message":"GET /api/notifications/unread-count"}
{"level":"info","message":"GET /api/notifications"}
{"level":"info","message":"GET /api/stats"}
{"level":"info","message":"GET /api/attendance/my-history"}
{"level":"info","message":"GET /api/attendance/my-history"}
{"level":"info","message":"GET /uploads/file-1770625408206-145851459.png"}
{"level":"info","message":"GET /api/stats"}
{"level":"info","message":"GET /api/notifications/unread-count"}
{"level":"info","message":"GET /api/notifications"}
{"level":"info","message":"GET /api/notifications/unread-count"}
{"level":"info","message":"GET /api/notifications"}
{"level":"info","message":"GET /api/stats"}
{"level":"info","message":"GET /api/attendance/my-history"}
{"level":"info","message":"GET /api/attendance/my-history"}
{"level":"info","message":"GET /api/notifications/unread-count"}
{"level":"info","message":"GET /api/health/errors?page=1&limit=10"}
{"level":"info","message":"GET /api/health/status"}
{"level":"info","message":"GET /uploads/file-1770625408206-145851459.png"}
{"level":"info","message":"GET /api/notifications/unread-count"}
{"level":"info","message":"GET /api/stats"}
{"level":"info","message":"GET /api/notifications"}
{"level":"info","message":"GET /api/notifications/unread-count"}
{"level":"info","message":"GET /api/notifications"}
{"level":"info","message":"GET /api/stats"}
{"level":"info","message":"GET /api/attendance/my-history"}
{"level":"info","message":"GET /api/attendance/my-history"}
{"level":"info","message":"POST /api/attendance/punch-in"}
{"level":"info","message":"GET /api/attendance/my-history"}
{"level":"info","message":"GET /api/attendance/my-history"}
{"level":"info","message":"GET /api/attendance/my-history"}
{"level":"info","message":"GET /api/notifications/unread-count"}
{"level":"info","message":"GET /api/notifications/unread-count"}
{"level":"info","message":"GET /api/health/status"}
{"level":"info","message":"GET /api/health/errors?page=1&limit=10"}
{"level":"info","message":"POST /api/auth/login"}
{"level":"info","message":"GET /api/notifications/unread-count"}
{"level":"info","message":"GET /api/health/status"}
{"level":"info","message":"GET /api/health/errors?page=1&limit=10"}
{"level":"info","message":"GET /api/notifications/unread-count"}
{"level":"info","message":"GET /api/health/errors?page=1&limit=10"}
{"level":"info","message":"GET /api/health/status"}
{"level":"info","message":"GET /api/notifications/unread-count"}
{"level":"info","message":"GET /api/notifications/unread-count"}
{"level":"info","message":"GET /api/health/status"}
{"level":"info","message":"GET /api/health/errors?page=1&limit=10"}
{"level":"info","message":"GET /api/notifications/unread-count"}
{"level":"info","message":"GET /api/health/status"}
{"level":"info","message":"GET /api/health/errors?page=1&limit=10"}
{"level":"info","message":"GET /api/notifications/unread-count"}
{"level":"info","message":"GET /uploads/file-1770625408206-145851459.png"}
{"level":"info","message":"GET /api/stats"}
{"level":"info","message":"GET /api/notifications/unread-count"}
{"level":"info","message":"GET /api/notifications"}
{"level":"info","message":"GET /api/stats"}
{"level":"info","message":"GET /api/notifications/unread-count"}
{"level":"info","message":"GET /api/notifications"}
{"level":"info","message":"GET /api/attendance/my-history"}
{"level":"info","message":"GET /api/attendance/my-history"}
{"level":"info","message":"POST /api/attendance/punch-in"}
{"level":"info","message":"POST /api/attendance/punch-in"}
{"level":"info","message":"POST /api/attendance/punch-in"}
{"level":"info","message":"POST /api/attendance/punch-in"}
{"level":"info","message":"Server running on port 5001"}
{"level":"info","message":"GET /uploads/file-1770625408206-145851459.png"}
{"level":"info","message":"GET /api/notifications/unread-count"}
{"level":"info","message":"GET /api/stats"}
{"level":"info","message":"GET /api/notifications"}
{"level":"info","message":"GET /api/notifications/unread-count"}
{"level":"info","message":"GET /api/notifications"}
{"level":"info","message":"GET /api/stats"}
{"level":"info","message":"GET /api/attendance/my-history"}
{"level":"info","message":"GET /api/attendance/my-history"}
{"level":"info","message":"GET /api/attendance/my-history"}
{"level":"info","message":"GET /api/attendance/my-history"}
{"level":"info","message":"GET /api/attendance/my-history"}
{"level":"info","message":"GET /api/attendance/my-history"}
{"level":"info","message":"GET /api/attendance/my-history"}
{"level":"info","message":"GET /api/attendance/my-history"}
{"level":"info","message":"GET /api/attendance/my-history"}
{"level":"info","message":"GET /api/attendance/my-history"}
{"level":"info","message":"GET /api/attendance/my-history"}
{"level":"info","message":"GET /api/attendance/my-history"}
{"level":"info","message":"GET /api/attendance/my-history"}
{"level":"info","message":"GET /api/attendance/my-history"}
{"level":"info","message":"GET /api/attendance/my-history"}
{"level":"info","message":"GET /api/attendance/my-history"}
{"level":"info","message":"GET /api/attendance/my-history"}
{"level":"info","message":"GET /api/attendance/my-history"}
{"level":"info","message":"GET /api/attendance/my-history"}
{"level":"info","message":"POST /api/attendance/break/start"}
{"level":"info","message":"GET /api/attendance/my-history"}
{"level":"info","message":"GET /api/attendance/my-history"}
{"level":"info","message":"GET /api/attendance/my-history"}
{"level":"info","message":"GET /api/attendance/my-history"}
{"level":"info","message":"GET /api/attendance/my-history"}
{"level":"info","message":"GET /api/attendance/my-history"}
{"level":"info","message":"GET /api/attendance/my-history"}
{"level":"info","message":"GET /api/attendance/my-history"}
{"level":"info","message":"GET /api/attendance/my-history"}
{"level":"info","message":"GET /api/attendance/my-history"}
{"level":"info","message":"GET /api/attendance/my-history"}
{"level":"info","message":"GET /api/attendance/my-history"}
{"level":"info","message":"POST /api/attendance/break/end"}
{"level":"info","message":"GET /api/attendance/my-history"}
{"level":"info","message":"GET /api/attendance/my-history"}
{"level":"info","message":"GET /api/attendance/my-history"}
{"level":"info","message":"GET /api/attendance/my-history"}
{"level":"info","message":"GET /api/attendance/my-history"}
{"level":"info","message":"GET /api/attendance/my-history"}
{"level":"info","message":"GET /api/attendance/my-history"}
{"level":"info","message":"GET /api/attendance/my-history"}
{"level":"info","message":"GET /api/attendance/my-history"}
{"level":"info","message":"GET /api/attendance/my-history"}
{"level":"info","message":"POST /api/attendance/punch-out"}
{"level":"info","message":"GET /api/attendance/my-history"}
{"level":"info","message":"GET /api/attendance/my-history"}
{"level":"info","message":"GET /api/attendance/my-history"}
{"level":"info","message":"GET /api/attendance/my-history"}
{"level":"info","message":"GET /api/attendance/my-history"}
{"level":"info","message":"GET /api/attendance/my-history"}
{"level":"info","message":"GET /api/attendance/my-history"}
{"level":"info","message":"GET /api/attendance/my-history"}
{"level":"info","message":"GET /api/attendance/my-history"}
{"level":"info","message":"GET /api/attendance/my-history"}
{"level":"info","message":"GET /api/attendance/my-history"}
{"level":"info","message":"POST /api/attendance/punch-out"}
{"level":"info","message":"GET /api/attendance/my-history"}
{"level":"info","message":"GET /api/attendance/my-history"}
{"level":"info","message":"GET /api/attendance/my-history"}
{"level":"info","message":"GET /api/attendance/my-history"}
{"level":"info","message":"GET /api/attendance/my-history"}
{"level":"info","message":"GET /api/attendance/my-history"}
{"level":"info","message":"GET /api/attendance/my-history"}
{"level":"info","message":"GET /api/attendance/my-history"}
{"level":"info","message":"GET /api/attendance/my-history"}
{"level":"info","message":"GET /api/attendance/my-history"}
{"level":"info","message":"GET /api/attendance/my-history"}
{"level":"info","message":"GET /api/attendance/my-history"}
{"level":"info","message":"GET /api/attendance/my-history"}
{"level":"info","message":"GET /api/attendance/my-history"}
{"level":"info","message":"GET /api/attendance/my-history"}
{"level":"info","message":"GET /api/attendance/my-history"}
{"level":"info","message":"GET /api/attendance/my-history"}
{"level":"info","message":"GET /api/attendance/my-history"}
{"level":"info","message":"GET /api/attendance/my-history"}
{"level":"info","message":"GET /api/attendance/my-history"}
{"level":"info","message":"GET /api/attendance/my-history"}
{"level":"info","message":"GET /api/attendance/my-history"}
{"level":"info","message":"GET /api/attendance/my-history"}
{"level":"info","message":"GET /api/attendance/my-history"}
{"level":"info","message":"GET /api/notifications/unread-count"}
{"level":"info","message":"GET /api/attendance/my-history"}
{"level":"info","message":"GET /api/attendance/my-history"}
{"level":"info","message":"GET /api/attendance/my-history"}
{"level":"info","message":"GET /api/attendance/my-history"}
{"level":"info","message":"GET /api/attendance/my-history"}
{"level":"info","message":"GET /api/attendance/my-history"}
{"level":"info","message":"GET /api/attendance/my-history"}
{"level":"info","message":"GET /api/attendance/my-history"}
{"level":"info","message":"GET /api/attendance/my-history"}
{"level":"info","message":"GET /api/attendance/my-history"}
{"level":"info","message":"GET /api/attendance/my-history"}
{"level":"info","message":"GET /api/attendance/my-history"}
{"level":"info","message":"GET /api/attendance/my-history"}
{"level":"info","message":"GET /api/attendance/my-history"}
{"level":"info","message":"GET /api/attendance/my-history"}
{"level":"info","message":"GET /api/attendance/my-history"}
{"level":"info","message":"GET /api/attendance/my-history"}
{"level":"info","message":"GET /api/attendance/my-history"}
{"level":"info","message":"GET /api/attendance/my-history"}
{"level":"info","message":"GET /api/attendance/my-history"}
{"level":"info","message":"POST /api/attendance/punch-out"}
{"level":"info","message":"POST /api/attendance/punch-out"}
{"level":"info","message":"POST /api/attendance/punch-out"}
{"level":"info","message":"GET /api/notifications/unread-count"}
{"level":"info","message":"GET /api/notifications/unread-count"}
{"level":"info","message":"GET /api/notifications/unread-count"}
{"level":"info","message":"GET /api/notifications/unread-count"}
{"level":"info","message":"POST /api/auth/login"}
{"level":"info","message":"GET /api/settings/public"}
{"level":"info","message":"GET /api/settings/public"}
{"level":"info","message":"GET /api/notifications/unread-count"}
{"level":"info","message":"GET /api/notifications/unread-count"}
{"level":"info","message":"POST /api/auth/login"}
{"level":"info","message":"GET /api/settings/public"}
{"level":"info","message":"GET /api/settings/public"}
{"level":"info","message":"POST /api/auth/login"}
{"level":"info","message":"GET /api/settings/public"}
{"level":"info","message":"GET /api/settings/public"}
{"level":"info","message":"POST /api/auth/login"}
{"level":"info","message":"POST /api/auth/login"}
{"level":"info","message":"GET /api/settings/public"}
{"level":"info","message":"GET /api/settings/public"}
{"level":"info","message":"GET /api/notifications/unread-count"}
{"level":"info","message":"GET /uploads/file-1770625408206-145851459.png"}
{"level":"info","message":"GET /api/notifications/unread-count"}
{"level":"info","message":"GET /api/stats"}
{"level":"info","message":"GET /api/notifications/unread-count"}
{"level":"info","message":"GET /api/stats"}
{"level":"info","message":"GET /api/notifications"}
{"level":"info","message":"GET /api/notifications"}
{"level":"info","message":"GET /api/attendance/my-history"}
{"level":"info","message":"GET /api/attendance/my-history"}
{"level":"info","message":"POST /api/attendance/punch-in"}
{"level":"info","message":"POST /api/attendance/punch-in"}
{"level":"info","message":"POST /api/attendance/punch-in"}
{"level":"info","message":"GET /uploads/file-1770625408206-145851459.png"}
{"level":"info","message":"GET /api/notifications"}
{"level":"info","message":"GET /api/stats"}
{"level":"info","message":"GET /api/notifications/unread-count"}
{"level":"info","message":"GET /api/notifications"}
{"level":"info","message":"GET /api/stats"}
{"level":"info","message":"GET /api/notifications/unread-count"}
{"level":"info","message":"GET /api/attendance/my-history"}
{"level":"info","message":"GET /api/attendance/my-history"}
{"level":"info","message":"GET /api/leaves/my-requests"}
{"level":"info","message":"GET /api/leaves/my-requests"}
{"level":"info","message":"GET /api/leaves/balances"}
{"level":"info","message":"GET /api/leaves/types"}
{"level":"info","message":"GET /api/leaves/balances"}
{"level":"info","message":"GET /api/leaves/types"}
{"level":"info","message":"GET /api/notifications/unread-count"}
{"level":"info","message":"POST /api/auth/login"}
{"level":"info","message":"POST /api/auth/login"}
{"level":"info","message":"POST /api/auth/login"}
{"level":"info","message":"GET /api/settings/public"}
{"level":"info","message":"GET /api/settings/public"}
{"level":"info","message":"POST /api/auth/login"}
{"level":"info","message":"POST /api/auth/login"}
{"level":"info","message":"POST /api/auth/login"}
{"level":"info","message":"POST /api/auth/login"}
{"level":"info","message":"GET /api/notifications/unread-count"}
{"level":"info","message":"GET /api/settings/public"}
{"level":"info","message":"POST /api/auth/register"}
{"level":"info","message":"POST /api/auth/login"}
{"level":"info","message":"Server running on port 5001"}
{"level":"info","message":"GET /api/settings/public"}
{"level":"info","message":"GET /api/settings/public"}
{"level":"info","message":"GET /uploads/file-1770625408206-145851459.png"}
{"level":"info","message":"POST /api/auth/login"}
{"level":"info","message":"GET /uploads/file-1770625408206-145851459.png"}
{"level":"info","message":"GET /api/notifications/unread-count"}
{"level":"info","message":"GET /api/stats"}
{"level":"info","message":"GET /api/notifications"}
{"level":"info","message":"GET /api/notifications/unread-count"}
{"level":"info","message":"GET /api/notifications"}
{"level":"info","message":"GET /api/stats"}
{"level":"info","message":"GET /api/attendance/my-history"}
{"level":"info","message":"GET /api/attendance/my-history"}
{"level":"info","message":"GET /api/attendance/my-history"}
{"level":"info","message":"GET /api/attendance/my-history"}
{"level":"info","message":"GET /api/attendance/my-history"}
{"level":"info","message":"GET /api/attendance/my-history"}
{"level":"info","message":"GET /api/attendance/my-history"}
{"level":"info","message":"GET /api/attendance/my-history"}
{"level":"info","message":"GET /api/attendance/my-history"}
{"level":"info","message":"GET /api/attendance/my-history"}
{"level":"info","message":"GET /api/attendance/my-history"}
{"level":"info","message":"GET /api/attendance/my-history"}
{"level":"info","message":"GET /api/attendance/my-history"}
{"level":"info","message":"GET /api/attendance/my-history"}
{"level":"info","message":"GET /api/attendance/my-history"}
{"level":"info","message":"GET /api/attendance/my-history"}
{"level":"info","message":"GET /api/attendance/my-history"}
{"level":"info","message":"GET /api/attendance/my-history"}
{"level":"info","message":"GET /api/attendance/my-history"}
{"level":"info","message":"GET /api/attendance/my-history"}
{"level":"info","message":"GET /api/attendance/my-history"}
{"level":"info","message":"GET /api/attendance/my-history"}
{"level":"info","message":"GET /api/attendance/my-history"}
{"level":"info","message":"GET /api/attendance/my-history"}
{"level":"info","message":"GET /api/attendance/my-history"}
{"level":"info","message":"GET /api/attendance/my-history"}
{"level":"info","message":"GET /api/attendance/my-history"}
{"level":"info","message":"GET /api/attendance/my-history"}
{"level":"info","message":"GET /api/attendance/my-history"}
{"level":"info","message":"GET /api/attendance/my-history"}
{"level":"info","message":"GET /api/attendance/my-history"}
{"level":"info","message":"GET /api/attendance/my-history"}
{"level":"info","message":"GET /api/attendance/my-history"}
{"level":"info","message":"GET /api/attendance/my-history"}
{"level":"info","message":"GET /api/attendance/my-history"}
{"level":"info","message":"GET /api/attendance/my-history"}
{"level":"info","message":"GET /api/attendance/my-history"}
{"level":"info","message":"GET /api/attendance/my-history"}
{"level":"info","message":"GET /api/attendance/my-history"}
{"level":"info","message":"GET /api/attendance/my-history"}
{"level":"info","message":"GET /api/attendance/my-history"}
{"level":"info","message":"GET /api/attendance/my-history"}
{"level":"info","message":"GET /api/attendance/my-history"}
{"level":"info","message":"GET /api/attendance/my-history"}
{"level":"info","message":"GET /api/attendance/my-history"}
{"level":"info","message":"GET /api/attendance/my-history"}
{"level":"info","message":"GET /api/attendance/my-history"}
{"level":"info","message":"GET /api/attendance/my-history"}
{"level":"info","message":"GET /api/attendance/my-history"}
{"level":"info","message":"GET /api/attendance/my-history"}
{"level":"info","message":"GET /api/attendance/my-history"}
{"level":"info","message":"GET /api/attendance/my-history"}
{"level":"info","message":"GET /api/attendance/my-history"}
{"level":"info","message":"GET /api/attendance/my-history"}
{"level":"info","message":"GET /api/attendance/my-history"}
{"level":"info","message":"GET /api/attendance/my-history"}
{"level":"info","message":"GET /api/attendance/my-history"}
{"level":"info","message":"GET /api/attendance/my-history"}
{"level":"info","message":"GET /api/attendance/my-history"}
{"level":"info","message":"GET /api/attendance/my-history"}
{"level":"info","message":"GET /api/attendance/my-history"}
{"level":"info","message":"GET /api/attendance/my-history"}
{"level":"info","message":"GET /api/attendance/my-history"}
{"level":"info","message":"GET /api/attendance/my-history"}
{"level":"info","message":"GET /api/attendance/my-history"}
{"level":"info","message":"GET /api/attendance/my-history"}
{"level":"info","message":"GET /api/attendance/my-history"}
{"level":"info","message":"GET /api/attendance/my-history"}
{"level":"info","message":"GET /api/attendance/my-history"}
{"level":"info","message":"GET /api/attendance/my-history"}
{"level":"info","message":"GET /api/attendance/my-history"}
{"level":"info","message":"GET /api/attendance/my-history"}
{"level":"info","message":"GET /api/attendance/my-history"}
{"level":"info","message":"GET /api/attendance/my-history"}
{"level":"info","message":"GET /api/attendance/my-history"}
{"level":"info","message":"GET /api/attendance/my-history"}
{"level":"info","message":"GET /api/attendance/my-history"}
{"level":"info","message":"GET /api/attendance/my-history"}
{"level":"info","message":"GET /api/attendance/my-history"}
{"level":"info","message":"GET /api/attendance/my-history"}
{"level":"info","message":"GET /api/attendance/my-history"}
{"level":"info","message":"GET /api/attendance/my-history"}
{"level":"info","message":"GET /api/attendance/my-history"}
{"level":"info","message":"GET /api/attendance/my-history"}
{"level":"info","message":"GET /api/attendance/my-history"}
{"level":"info","message":"GET /api/attendance/my-history"}
{"level":"info","message":"GET /api/attendance/my-history"}
{"level":"info","message":"GET /api/attendance/my-history"}
{"level":"info","message":"GET /api/attendance/my-history"}
{"level":"info","message":"GET /api/attendance/my-history"}
{"level":"info","message":"GET /api/attendance/my-history"}
{"level":"info","message":"GET /api/notifications/unread-count"}
{"level":"info","message":"POST /api/attendance/punch-out"}
{"level":"info","message":"POST /api/attendance/punch-out"}
{"level":"info","message":"POST /api/attendance/break/start"}
{"level":"info","message":"GET /api/notifications/unread-count"}
{"level":"info","message":"GET /api/notifications/unread-count"}
{"level":"info","message":"GET /api/notifications/unread-count"}
{"level":"info","message":"GET /api/notifications/unread-count"}
{"level":"info","message":"GET /api/settings/public"}
{"level":"info","message":"GET /api/settings/public"}
{"level":"info","message":"GET /api/notifications/unread-count"}
{"level":"info","message":"POST /api/auth/login"}
{"level":"info","message":"GET /api/settings/public"}
{"level":"info","message":"GET /api/settings/public"}
{"level":"info","message":"POST /api/auth/login"}
{"level":"info","message":"GET /api/settings/public"}
{"level":"info","message":"GET /api/settings/public"}
{"level":"info","message":"POST /api/auth/login"}
{"level":"info","message":"GET /api/settings/public"}
{"level":"info","message":"GET /api/settings/public"}
{"level":"info","message":"POST /api/auth/login"}
{"level":"info","message":"GET /api/health"}
{"level":"info","message":"GET /favicon.ico"}
{"level":"info","message":"GET /api/health"}
{"level":"info","message":"GET /api/notifications/unread-count"}
{"level":"info","message":"GET /favicon.ico"}
{"level":"info","message":"Server running on port 5001"}
{"level":"info","message":"GET /api/settings/public"}
{"level":"info","message":"GET /api/settings/public"}
{"level":"info","message":"GET /uploads/file-1770625408206-145851459.png"}
{"level":"info","message":"GET /api/settings/public"}
{"level":"info","message":"GET /api/settings/public"}
{"level":"info","message":"GET /uploads/file-1770625408206-145851459.png"}
{"level":"info","message":"Server running on port 5001"}
{"level":"info","message":"GET /api/settings/public"}
{"level":"info","message":"GET /api/settings/public"}
{"level":"info","message":"GET /uploads/file-1770625408206-145851459.png"}
{"level":"info","message":"POST /api/auth/login"}
{"level":"info","message":"POST /api/auth/login"}
{"level":"info","message":"GET /uploads/file-1770625408206-145851459.png"}
{"level":"info","message":"GET /api/notifications/unread-count"}
{"level":"info","message":"GET /api/stats"}
{"level":"info","message":"GET /api/notifications"}
{"level":"info","message":"GET /api/notifications/unread-count"}
{"level":"info","message":"GET /api/notifications"}
{"level":"info","message":"GET /api/stats"}
{"level":"info","message":"GET /api/attendance/my-history"}
{"level":"info","message":"GET /api/attendance/my-history"}
{"level":"info","message":"GET /api/attendance/my-history"}
{"level":"info","message":"GET /api/attendance/my-history"}
{"level":"info","message":"GET /api/attendance/my-history"}
{"level":"info","message":"GET /api/attendance/my-history"}
{"level":"info","message":"GET /api/attendance/my-history"}
{"level":"info","message":"GET /api/attendance/my-history"}
{"level":"info","message":"GET /api/attendance/my-history"}
{"level":"info","message":"GET /api/attendance/my-history"}
{"level":"info","message":"POST /api/attendance/punch-out"}
{"level":"info","message":"GET /api/attendance/my-history"}
{"level":"info","message":"GET /api/attendance/my-history"}
{"level":"info","message":"GET /api/attendance/my-history"}
{"level":"info","message":"GET /api/attendance/my-history"}
{"level":"info","message":"GET /api/attendance/my-history"}
{"level":"info","message":"GET /api/notifications/unread-count"}
{"level":"info","message":"GET /api/notifications/unread-count"}
{"level":"info","message":"GET /api/notifications/unread-count"}
{"level":"info","message":"GET /api/notifications/unread-count"}
{"level":"info","message":"GET /api/notifications"}
{"level":"info","message":"GET /api/notifications/unread-count"}
{"level":"info","message":"GET /api/users"}
{"level":"info","message":"GET /api/users"}
{"level":"info","message":"GET /api/leaves/balances"}
{"level":"info","message":"GET /api/leaves/types"}
{"level":"info","message":"GET /api/leaves/my-requests"}
{"level":"info","message":"GET /api/leaves/types"}
{"level":"info","message":"GET /api/leaves/balances"}
{"level":"info","message":"GET /api/leaves/my-requests"}
{"level":"info","message":"GET /api/payroll/stats?month=2&year=2026"}
{"level":"info","message":"GET /api/payroll/list?month=2&year=2026"}
{"level":"info","message":"GET /api/leaves/balances"}
{"level":"info","message":"GET /api/leaves/my-requests"}
{"level":"info","message":"GET /api/leaves/types"}
{"level":"info","message":"GET /api/leaves/types"}
{"level":"info","message":"GET /api/leaves/my-requests"}
{"level":"info","message":"GET /api/leaves/balances"}
{"level":"info","message":"GET /api/payroll/stats?month=2&year=2026"}
{"level":"info","message":"GET /api/payroll/list?month=2&year=2026"}
{"level":"info","message":"GET /api/notifications/unread-count"}
{"level":"info","message":"GET /api/payroll/stats?month=2&year=2026"}
{"level":"info","message":"GET /api/payroll/list?month=2&year=2026"}
{"level":"info","message":"GET /api/payroll/stats?month=2&year=2026"}
{"level":"info","message":"GET /api/payroll/list?month=2&year=2026"}
{"level":"info","message":"GET /api/expenses/claims"}
{"level":"info","message":"GET /api/expenses/categories"}
{"level":"info","message":"GET /api/expenses/categories"}
{"level":"info","message":"GET /api/expenses/claims"}
{"level":"info","message":"GET /api/stats"}
{"level":"info","message":"GET /api/stats"}
{"level":"info","message":"GET /api/health/errors?page=1&limit=10"}
{"level":"info","message":"GET /api/health/status"}
{"level":"info","message":"GET /api/health/status"}
{"level":"info","message":"GET /api/health/errors?page=1&limit=10"}
{"level":"info","message":"GET /api/settings"}
{"level":"info","message":"GET /uploads/file-1770625408206-145851459.png"}
{"level":"info","message":"GET /api/settings"}
{"level":"info","message":"GET /api/job-roles"}
{"level":"info","message":"GET /api/leaves/types"}
{"level":"info","message":"GET /api/holidays"}
{"level":"info","message":"GET /api/leaves/types"}
{"level":"info","message":"GET /api/job-roles"}
{"level":"info","message":"GET /api/holidays"}
{"level":"info","message":"GET /api/notifications/unread-count"}
{"level":"info","message":"POST /api/onboarding/upload"}
{"level":"info","message":"GET /uploads/file-1770906258522-957653546.png"}
{"level":"info","message":"POST /api/onboarding/upload"}
{"level":"info","message":"GET /uploads/file-1770906267131-874663445.png"}
{"level":"info","message":"GET /api/notifications/unread-count"}
{"level":"info","message":"POST /api/onboarding/upload"}
{"level":"info","message":"GET /uploads/file-1770906289074-863226171.png"}
{"level":"info","message":"POST /api/settings"}
{"level":"info","message":"GET /uploads/file-1770906289074-863226171.png"}
{"level":"info","message":"GET /api/notifications/unread-count"}
{"level":"info","message":"GET /api/notifications/unread-count"}
{"level":"info","message":"GET /api/notifications/unread-count"}
{"level":"info","message":"GET /api/notifications/unread-count"}
{"level":"info","message":"GET /api/notifications/unread-count"}
{"level":"info","message":"GET /api/notifications/unread-count"}
{"level":"info","message":"GET /api/notifications/unread-count"}
{"level":"info","message":"GET /api/notifications/unread-count"}
{"level":"info","message":"GET /api/notifications/unread-count"}
{"level":"info","message":"GET /api/notifications/unread-count"}
{"level":"info","message":"GET /api/notifications/unread-count"}
{"level":"info","message":"GET /api/notifications/unread-count"}
{"level":"info","message":"GET /api/notifications/unread-count"}
{"level":"info","message":"GET /api/notifications/unread-count"}
{"level":"info","message":"GET /api/notifications/unread-count"}
{"level":"info","message":"GET /api/notifications/unread-count"}
{"level":"info","message":"GET /api/notifications/unread-count"}
{"level":"info","message":"GET /api/notifications/unread-count"}
{"level":"info","message":"GET /api/notifications/unread-count"}
{"level":"info","message":"GET /api/notifications/unread-count"}
{"level":"info","message":"GET /api/notifications/unread-count"}
{"level":"info","message":"GET /api/notifications/unread-count"}
{"level":"info","message":"GET /api/notifications/unread-count"}
{"level":"info","message":"GET /api/notifications/unread-count"}
{"level":"info","message":"GET /api/notifications/unread-count"}
{"level":"info","message":"GET /api/notifications/unread-count"}
{"level":"info","message":"GET /api/notifications/unread-count"}
{"level":"info","message":"GET /api/notifications/unread-count"}
{"level":"info","message":"GET /api/notifications/unread-count"}
{"level":"info","message":"GET /api/notifications/unread-count"}
{"level":"info","message":"GET /api/notifications/unread-count"}
{"level":"info","message":"GET /api/notifications/unread-count"}
{"level":"info","message":"GET /api/notifications/unread-count"}
{"level":"info","message":"GET /api/notifications/unread-count"}
{"level":"info","message":"GET /api/notifications/unread-count"}
{"level":"info","message":"GET /api/notifications/unread-count"}
{"level":"info","message":"GET /api/notifications/unread-count"}
{"level":"info","message":"GET /api/notifications/unread-count"}
{"level":"info","message":"GET /api/notifications/unread-count"}
{"level":"info","message":"GET /api/notifications/unread-count"}
{"level":"info","message":"GET /api/notifications/unread-count"}
{"level":"info","message":"GET /api/notifications/unread-count"}
{"level":"info","message":"GET /api/notifications/unread-count"}
{"level":"info","message":"GET /api/notifications/unread-count"}
{"level":"info","message":"GET /api/notifications/unread-count"}
{"level":"info","message":"GET /api/notifications/unread-count"}
{"level":"info","message":"GET /api/notifications/unread-count"}
{"level":"info","message":"GET /api/notifications/unread-count"}
{"level":"info","message":"GET /api/notifications/unread-count"}
{"level":"info","message":"GET /api/notifications/unread-count"}
{"level":"info","message":"GET /api/notifications/unread-count"}
{"level":"info","message":"GET /api/notifications/unread-count"}
{"level":"info","message":"GET /api/notifications/unread-count"}
{"level":"info","message":"GET /api/notifications/unread-count"}
{"level":"info","message":"GET /api/notifications/unread-count"}
{"level":"info","message":"GET /api/notifications/unread-count"}
{"level":"info","message":"Server running on port 5001"}
