[2026-02-08T04:15:07.740Z] Attempting to send email to: vadidek570@cimario.com
[2026-02-08T04:15:28.979Z] ❌ Error sending email: connect ETIMEDOUT 192.178.211.108:587
[2026-02-08T04:20:41.183Z] Attempting to send email to: vadidek570@cimario.com
[2026-02-08T04:21:00.140Z] ❌ Error sending email: connect ECONNABORTED 192.178.211.108:587
[2026-02-08T04:25:40.614Z] Attempting to send email to: vadidek570@cimario.com
[2026-02-08T04:25:47.774Z] ✅ Email sent successfully! MessageID: <73514656-805a-9a74-a90d-9030dfc14249@gmail.com>
[2026-02-08T04:25:47.776Z] Response: 250 2.0.0 OK  1770524755 41be03b00d2f7-c6dda030abfsm3992244a12.32 - gsmtp
[2026-02-09T08:09:05.962Z] Attempting to send email to: shekharzorin@gmail.com
[2026-02-09T08:09:09.534Z] ✅ Email sent successfully! MessageID: <75b2c871-a906-d5a8-a823-fe7787ac46c7@gmail.com>
[2026-02-09T08:09:09.535Z] Response: 250 2.0.0 OK  1770624550 d9443c01a7336-2a951c8605fsm101186955ad.31 - gsmtp
[2026-02-09T08:10:40.409Z] Attempting to send email to: shekharzorin@gmail.com
[2026-02-09T08:10:44.407Z] ✅ Email sent successfully! MessageID: <cefe322e-6029-1adf-1086-e043703178f9@gmail.com>
[2026-02-09T08:10:44.407Z] Response: 250 2.0.0 OK  1770624645 d9443c01a7336-2a9522287adsm92587135ad.92 - gsmtp
[2026-02-09T08:16:45.117Z] Attempting to send email to: shekharzorin@gmail.com
[2026-02-09T08:16:47.956Z] ✅ Email sent successfully! MessageID: <1d257f8d-75af-3196-0a97-06d4c0e46c61@gmail.com>
[2026-02-09T08:16:47.957Z] Response: 250 2.0.0 OK  1770625009 d9443c01a7336-2a9521b9b2dsm98184035ad.65 - gsmtp
[2026-05-12T09:48:01.360Z] Attempting to send email to: superadmin@citrux.com
[2026-05-12T09:48:05.584Z] ✅ Email sent successfully! MessageID: <b14d38fd-f93e-1f3b-9217-d330f536c89f@ethereal.email>
[2026-05-12T09:48:05.585Z] Response: 250 Accepted [STATUS=new MSGID=agLgQpnvM5eyzrpSagL3VV54FVLi4otXAAAAAUyhpsyGUWYqXQ4qBQUMo.M]
[2026-05-12T09:48:05.587Z] 📧 Preview URL: https://ethereal.email/message/agLgQpnvM5eyzrpSagL3VV54FVLi4otXAAAAAUyhpsyGUWYqXQ4qBQUMo.M
[2026-05-12T09:56:20.456Z] Attempting to send email to: superadmin@citrux.com
[2026-05-12T09:56:24.484Z] ✅ Email sent successfully! MessageID: <19e34de3-db45-c448-4b62-be9bef5c73c2@ethereal.email>
[2026-05-12T09:56:24.487Z] Response: 250 Accepted [STATUS=new MSGID=agLgQpnvM5eyzrpSagL5SIIKErNPZMR1AAAAAhXzngVsM27s2sC03Bb31Gs]
[2026-05-12T09:56:24.490Z] 📧 Preview URL: https://ethereal.email/message/agLgQpnvM5eyzrpSagL5SIIKErNPZMR1AAAAAhXzngVsM27s2sC03Bb31Gs
[2026-05-29T12:57:40.315Z] Attempting to send email to: shekharzorin@gmail.com
[2026-05-29T12:57:44.039Z] ✅ Email sent successfully! MessageID: <f49b3311-f065-58bb-6e53-0e6844a18e08@resend.dev>
[2026-05-29T12:57:44.043Z] Response: 250 ced53875-80fd-4d17-b784-ae0b1440362d
[2026-05-31T18:30:01.385Z] Attempting to send email to: shekharux@gmail.com
[2026-05-31T18:30:01.403Z] Attempting to send email to: support@isnap.in
[2026-05-31T18:30:01.406Z] Attempting to send email to: kanksha.ch@isnap.online
[2026-05-31T18:30:01.408Z] Attempting to send email to: vineethng203@gmail.com
[2026-05-31T18:30:01.649Z] Attempting to send email to: shekharux@gmail.com
[2026-05-31T18:30:01.654Z] Attempting to send email to: support@isnap.in
[2026-05-31T18:30:01.658Z] Attempting to send email to: kanksha.ch@isnap.online
[2026-05-31T18:30:01.659Z] Attempting to send email to: vineethng203@gmail.com
[2026-05-31T18:30:01.861Z] Attempting to send email to: shekharux@gmail.com
[2026-05-31T18:30:01.863Z] Attempting to send email to: support@isnap.in
[2026-05-31T18:30:01.867Z] Attempting to send email to: kanksha.ch@isnap.online
[2026-05-31T18:30:01.870Z] Attempting to send email to: vineethng203@gmail.com
[2026-05-31T18:30:04.814Z] ❌ Error sending email: Message failed: 550 You can only send testing emails to your own email address (shekharzorin@gmail.com). To send emails to other recipients, please verify a domain at resend.com/domains, and change the `from` address to an email using this domain.
[2026-05-31T18:30:04.876Z] ❌ Error sending email: Message failed: 550 You can only send testing emails to your own email address (shekharzorin@gmail.com). To send emails to other recipients, please verify a domain at resend.com/domains, and change the `from` address to an email using this domain.
[2026-05-31T18:30:04.887Z] ❌ Error sending email: Message failed: 550 You can only send testing emails to your own email address (shekharzorin@gmail.com). To send emails to other recipients, please verify a domain at resend.com/domains, and change the `from` address to an email using this domain.
[2026-05-31T18:30:04.899Z] ❌ Error sending email: Message failed: 550 You can only send testing emails to your own email address (shekharzorin@gmail.com). To send emails to other recipients, please verify a domain at resend.com/domains, and change the `from` address to an email using this domain.
[2026-05-31T18:30:05.060Z] ❌ Error sending email: Message failed: 550 Too many requests. You can only make 5 requests per second. See rate limit response headers for more information. Or contact support to increase rate limit.
[2026-05-31T18:30:05.074Z] ❌ Error sending email: Message failed: 550 Too many requests. You can only make 5 requests per second. See rate limit response headers for more information. Or contact support to increase rate limit.
[2026-05-31T18:30:05.079Z] ❌ Error sending email: Message failed: 550 Too many requests. You can only make 5 requests per second. See rate limit response headers for more information. Or contact support to increase rate limit.
[2026-05-31T18:30:05.090Z] ❌ Error sending email: Message failed: 550 You can only send testing emails to your own email address (shekharzorin@gmail.com). To send emails to other recipients, please verify a domain at resend.com/domains, and change the `from` address to an email using this domain.
[2026-05-31T18:30:05.347Z] ❌ Error sending email: Message failed: 550 Too many requests. You can only make 5 requests per second. See rate limit response headers for more information. Or contact support to increase rate limit.
[2026-05-31T18:30:05.375Z] ❌ Error sending email: Message failed: 550 Too many requests. You can only make 5 requests per second. See rate limit response headers for more information. Or contact support to increase rate limit.
[2026-05-31T18:30:05.394Z] ❌ Error sending email: Message failed: 550 Too many requests. You can only make 5 requests per second. See rate limit response headers for more information. Or contact support to increase rate limit.
[2026-05-31T18:30:05.401Z] ❌ Error sending email: Message failed: 550 Too many requests. You can only make 5 requests per second. See rate limit response headers for more information. Or contact support to increase rate limit.
